Collecting cmake>=3.26.1 (from -r requirements/build/cuda.txt (line 2))
  Downloading cmake-3.31.6-py3-none-manylinux_2_17_x86_64.manylinux2014_x86_64.whl.metadata (6.3 kB)
Collecting ninja (from -r requirements/build/cuda.txt (line 3))
  Downloading ninja-1.13.2-py3-none-manylinux2014_x86_64.manylinux_2_17_x86_64.whl.metadata (5.4 kB)
Requirement already satisfied: packaging>=24.2 in /home/wanglin/miniconda3/envs/kvarn-serve/lib/python3.12/site-packages (from -r requirements/build/cuda.txt (line 4)) (26.3)
Requirement already satisfied: setuptools<81.0.0,>=77.0.3 in /home/wanglin/miniconda3/envs/kvarn-serve/lib/python3.12/site-packages (from -r requirements/build/cuda.txt (line 5)) (80.9.0)
Collecting setuptools-scm>=8 (from -r requirements/build/cuda.txt (line 6))
  Downloading setuptools_scm-10.2.3-py3-none-any.whl.metadata (6.7 kB)
Collecting setuptools-rust>=1.9.0 (from -r requirements/build/cuda.txt (line 7))
  Downloading setuptools_rust-1.13.0-py3-none-any.whl.metadata (9.6 kB)
Requirement already satisfied: torch==2.11.0 in /home/wanglin/miniconda3/envs/kvarn-serve/lib/python3.12/site-packages (from -r requirements/build/cuda.txt (line 8)) (2.11.0+cu126)
Requirement already satisfied: wheel in /home/wanglin/miniconda3/envs/kvarn-serve/lib/python3.12/site-packages (from -r requirements/build/cuda.txt (line 9)) (0.48.0)
Requirement already satisfied: jinja2>=3.1.6 in /home/wanglin/miniconda3/envs/kvarn-serve/lib/python3.12/site-packages (from -r requirements/build/cuda.txt (line 10)) (3.1.6)
Collecting regex (from -r requirements/build/cuda.txt (line 11))
  Downloading regex-2026.9.10-cp312-cp312-manylinux2014_x86_64.manylinux_2_17_x86_64.manylinux_2_28_x86_64.whl.metadata (40 kB)
Collecting build (from -r requirements/build/cuda.txt (line 12))
  Downloading build-1.6.1-py3-none-any.whl.metadata (5.6 kB)
Collecting protobuf!=6.30.*,!=6.31.*,!=6.32.*,!=6.33.0.*,!=6.33.1.*,!=6.33.2.*,!=6.33.3.*,!=6.33.4.*,>=5.29.6 (from -r requirements/build/cuda.txt (line 13))
  Downloading protobuf-7.36.1-cp310-abi3-manylinux2014_x86_64.whl.metadata (595 bytes)
Requirement already satisfied: filelock in /home/wanglin/miniconda3/envs/kvarn-serve/lib/python3.12/site-packages (from torch==2.11.0->-r requirements/build/cuda.txt (line 8)) (3.32.3)
Requirement already satisfied: typing-extensions>=4.10.0 in /home/wanglin/miniconda3/envs/kvarn-serve/lib/python3.12/site-packages (from torch==2.11.0->-r requirements/build/cuda.txt (line 8)) (4.16.0)
Requirement already satisfied: sympy>=1.13.3 in /home/wanglin/miniconda3/envs/kvarn-serve/lib/python3.12/site-packages (from torch==2.11.0->-r requirements/build/cuda.txt (line 8)) (1.14.0)
Requirement already satisfied: networkx>=2.5.1 in /home/wanglin/miniconda3/envs/kvarn-serve/lib/python3.12/site-packages (from torch==2.11.0->-r requirements/build/cuda.txt (line 8)) (3.6.1)
Requirement already satisfied: fsspec>=0.8.5 in /home/wanglin/miniconda3/envs/kvarn-serve/lib/python3.12/site-packages (from torch==2.11.0->-r requirements/build/cuda.txt (line 8)) (2026.7.0)
Requirement already satisfied: cuda-toolkit==12.6.3 in /home/wanglin/miniconda3/envs/kvarn-serve/lib/python3.12/site-packages (from cuda-toolkit[cublas,cudart,cufft,cufile,cupti,curand,cusolver,cusparse,nvjitlink,nvrtc,nvtx]==12.6.3; platform_system == "Linux"->torch==2.11.0->-r requirements/build/cuda.txt (line 8)) (12.6.3)
Requirement already satisfied: cuda-bindings<13,>=12.9.4 in /home/wanglin/miniconda3/envs/kvarn-serve/lib/python3.12/site-packages (from torch==2.11.0->-r requirements/build/cuda.txt (line 8)) (12.9.7)
Requirement already satisfied: nvidia-cudnn-cu12==9.10.2.21 in /home/wanglin/miniconda3/envs/kvarn-serve/lib/python3.12/site-packages (from torch==2.11.0->-r requirements/build/cuda.txt (line 8)) (9.10.2.21)
Requirement already satisfied: nvidia-cusparselt-cu12==0.7.1 in /home/wanglin/miniconda3/envs/kvarn-serve/lib/python3.12/site-packages (from torch==2.11.0->-r requirements/build/cuda.txt (line 8)) (0.7.1)
Requirement already satisfied: nvidia-nccl-cu12==2.28.9 in /home/wanglin/miniconda3/envs/kvarn-serve/lib/python3.12/site-packages (from torch==2.11.0->-r requirements/build/cuda.txt (line 8)) (2.28.9)
Requirement already satisfied: nvidia-nvshmem-cu12==3.4.5 in /home/wanglin/miniconda3/envs/kvarn-serve/lib/python3.12/site-packages (from torch==2.11.0->-r requirements/build/cuda.txt (line 8)) (3.4.5)
Requirement already satisfied: triton==3.6.0 in /home/wanglin/miniconda3/envs/kvarn-serve/lib/python3.12/site-packages (from torch==2.11.0->-r requirements/build/cuda.txt (line 8)) (3.6.0)
Requirement already satisfied: nvidia-cublas-cu12==12.6.4.1.* in /home/wanglin/miniconda3/envs/kvarn-serve/lib/python3.12/site-packages (from cuda-toolkit[cublas,cudart,cufft,cufile,cupti,curand,cusolver,cusparse,nvjitlink,nvrtc,nvtx]==12.6.3; platform_system == "Linux"->torch==2.11.0->-r requirements/build/cuda.txt (line 8)) (12.6.4.1)
Requirement already satisfied: nvidia-cuda-runtime-cu12==12.6.77.* in /home/wanglin/miniconda3/envs/kvarn-serve/lib/python3.12/site-packages (from cuda-toolkit[cublas,cudart,cufft,cufile,cupti,curand,cusolver,cusparse,nvjitlink,nvrtc,nvtx]==12.6.3; platform_system == "Linux"->torch==2.11.0->-r requirements/build/cuda.txt (line 8)) (12.6.77)
Requirement already satisfied: nvidia-cufft-cu12==11.3.0.4.* in /home/wanglin/miniconda3/envs/kvarn-serve/lib/python3.12/site-packages (from cuda-toolkit[cublas,cudart,cufft,cufile,cupti,curand,cusolver,cusparse,nvjitlink,nvrtc,nvtx]==12.6.3; platform_system == "Linux"->torch==2.11.0->-r requirements/build/cuda.txt (line 8)) (11.3.0.4)
Requirement already satisfied: nvidia-cufile-cu12==1.11.1.6.* in /home/wanglin/miniconda3/envs/kvarn-serve/lib/python3.12/site-packages (from cuda-toolkit[cublas,cudart,cufft,cufile,cupti,curand,cusolver,cusparse,nvjitlink,nvrtc,nvtx]==12.6.3; platform_system == "Linux"->torch==2.11.0->-r requirements/build/cuda.txt (line 8)) (1.11.1.6)
Requirement already satisfied: nvidia-cuda-cupti-cu12==12.6.80.* in /home/wanglin/miniconda3/envs/kvarn-serve/lib/python3.12/site-packages (from cuda-toolkit[cublas,cudart,cufft,cufile,cupti,curand,cusolver,cusparse,nvjitlink,nvrtc,nvtx]==12.6.3; platform_system == "Linux"->torch==2.11.0->-r requirements/build/cuda.txt (line 8)) (12.6.80)
Requirement already satisfied: nvidia-curand-cu12==10.3.7.77.* in /home/wanglin/miniconda3/envs/kvarn-serve/lib/python3.12/site-packages (from cuda-toolkit[cublas,cudart,cufft,cufile,cupti,curand,cusolver,cusparse,nvjitlink,nvrtc,nvtx]==12.6.3; platform_system == "Linux"->torch==2.11.0->-r requirements/build/cuda.txt (line 8)) (10.3.7.77)
Requirement already satisfied: nvidia-cusolver-cu12==11.7.1.2.* in /home/wanglin/miniconda3/envs/kvarn-serve/lib/python3.12/site-packages (from cuda-toolkit[cublas,cudart,cufft,cufile,cupti,curand,cusolver,cusparse,nvjitlink,nvrtc,nvtx]==12.6.3; platform_system == "Linux"->torch==2.11.0->-r requirements/build/cuda.txt (line 8)) (11.7.1.2)
Requirement already satisfied: nvidia-cusparse-cu12==12.5.4.2.* in /home/wanglin/miniconda3/envs/kvarn-serve/lib/python3.12/site-packages (from cuda-toolkit[cublas,cudart,cufft,cufile,cupti,curand,cusolver,cusparse,nvjitlink,nvrtc,nvtx]==12.6.3; platform_system == "Linux"->torch==2.11.0->-r requirements/build/cuda.txt (line 8)) (12.5.4.2)
Requirement already satisfied: nvidia-nvjitlink-cu12==12.6.85.* in /home/wanglin/miniconda3/envs/kvarn-serve/lib/python3.12/site-packages (from cuda-toolkit[cublas,cudart,cufft,cufile,cupti,curand,cusolver,cusparse,nvjitlink,nvrtc,nvtx]==12.6.3; platform_system == "Linux"->torch==2.11.0->-r requirements/build/cuda.txt (line 8)) (12.6.85)
Requirement already satisfied: nvidia-cuda-nvrtc-cu12==12.6.85.* in /home/wanglin/miniconda3/envs/kvarn-serve/lib/python3.12/site-packages (from cuda-toolkit[cublas,cudart,cufft,cufile,cupti,curand,cusolver,cusparse,nvjitlink,nvrtc,nvtx]==12.6.3; platform_system == "Linux"->torch==2.11.0->-r requirements/build/cuda.txt (line 8)) (12.6.85)
Requirement already satisfied: nvidia-nvtx-cu12==12.6.77.* in /home/wanglin/miniconda3/envs/kvarn-serve/lib/python3.12/site-packages (from cuda-toolkit[cublas,cudart,cufft,cufile,cupti,curand,cusolver,cusparse,nvjitlink,nvrtc,nvtx]==12.6.3; platform_system == "Linux"->torch==2.11.0->-r requirements/build/cuda.txt (line 8)) (12.6.77)
Requirement already satisfied: cuda-pathfinder~=1.1 in /home/wanglin/miniconda3/envs/kvarn-serve/lib/python3.12/site-packages (from cuda-bindings<13,>=12.9.4->torch==2.11.0->-r requirements/build/cuda.txt (line 8)) (1.6.0)
Collecting vcs-versioning<3,>=2.3.2.dev0 (from setuptools-scm>=8->-r requirements/build/cuda.txt (line 6))
  Downloading vcs_versioning-2.4.1-py3-none-any.whl.metadata (1.7 kB)
Collecting semantic_version<3,>=2.8.2 (from setuptools-rust>=1.9.0->-r requirements/build/cuda.txt (line 7))
  Downloading semantic_version-2.10.0-py2.py3-none-any.whl.metadata (9.7 kB)
Requirement already satisfied: MarkupSafe>=2.0 in /home/wanglin/miniconda3/envs/kvarn-serve/lib/python3.12/site-packages (from jinja2>=3.1.6->-r requirements/build/cuda.txt (line 10)) (3.0.3)
Collecting pyproject_hooks (from build->-r requirements/build/cuda.txt (line 12))
  Downloading pyproject_hooks-1.3.3-py3-none-any.whl.metadata (1.3 kB)
Requirement already satisfied: mpmath<1.4,>=1.1.0 in /home/wanglin/miniconda3/envs/kvarn-serve/lib/python3.12/site-packages (from sympy>=1.13.3->torch==2.11.0->-r requirements/build/cuda.txt (line 8)) (1.3.0)
Downloading cmake-3.31.6-py3-none-manylinux_2_17_x86_64.manylinux2014_x86_64.whl (27.8 MB)
   ━━━━━━━━━━━━━━━━━━━━━━━━━━━━━━━━━━━━━━━━ 27.8/27.8 MB 9.3 MB/s  0:00:03
Downloading ninja-1.13.2-py3-none-manylinux2014_x86_64.manylinux_2_17_x86_64.whl (183 kB)
Downloading setuptools_scm-10.2.3-py3-none-any.whl (29 kB)
Downloading vcs_versioning-2.4.1-py3-none-any.whl (122 kB)
Downloading setuptools_rust-1.13.0-py3-none-any.whl (30 kB)
Downloading semantic_version-2.10.0-py2.py3-none-any.whl (15 kB)
Downloading regex-2026.9.10-cp312-cp312-manylinux2014_x86_64.manylinux_2_17_x86_64.manylinux_2_28_x86_64.whl (804 kB)
   ━━━━━━━━━━━━━━━━━━━━━━━━━━━━━━━━━━━━━━━━ 804.6/804.6 kB 33.1 MB/s  0:00:00
Downloading build-1.6.1-py3-none-any.whl (31 kB)
Downloading protobuf-7.36.1-cp310-abi3-manylinux2014_x86_64.whl (343 kB)
Downloading pyproject_hooks-1.3.3-py3-none-any.whl (10 kB)
Installing collected packages: vcs-versioning, semantic_version, regex, pyproject_hooks, protobuf, ninja, cmake, setuptools-scm, setuptools-rust, build

Successfully installed build-1.6.1 cmake-3.31.6 ninja-1.13.2 protobuf-7.36.1 pyproject_hooks-1.3.3 regex-2026.9.10 semantic_version-2.10.0 setuptools-rust-1.13.0 setuptools-scm-10.2.3 vcs-versioning-2.4.1
